app/page.tsx(345,18): error TS2304: Cannot find name 'Building'.
